current directory: /workspace/vendor/bundle/ruby/3.3.0/gems/pg-0.21.0/ext
/usr/bin/ruby3.3 -I/usr/lib/ruby/vendor_ruby extconf.rb
checking for pg_config... yes
Using config values from /usr/bin/pg_config
checking for libpq-fe.h... yes
checking for libpq/libpq-fs.h... yes
checking for pg_config_manual.h... yes
checking for PQconnectdb() in -lpq... yes
checking for PQconnectionUsedPassword()... yes
checking for PQisthreadsafe()... yes
checking for PQprepare()... yes
checking for PQexecParams()... yes
checking for PQescapeString()... yes
checking for PQescapeStringConn()... yes
checking for PQescapeLiteral()... yes
checking for PQescapeIdentifier()... yes
checking for PQgetCancel()... yes
checking for lo_create()... yes
checking for pg_encoding_to_char()... yes
checking for pg_char_to_encoding()... yes
checking for PQsetClientEncoding()... yes
checking for PQlibVersion()... yes
checking for PQping()... yes
checking for PQsetSingleRowMode()... yes
checking for PQconninfo()... yes
checking for PQsslAttribute()... yes
checking for rb_encdb_alias()... yes
checking for rb_enc_alias()... yes
checking for rb_thread_call_without_gvl()... yes
checking for rb_thread_call_with_gvl()... yes
checking for rb_thread_fd_select()... yes
checking for rb_w32_wrap_io_handle()... no
checking for rb_str_modify_expand()... yes
checking for rb_hash_dup()... yes
checking for PGRES_COPY_BOTH in libpq-fe.h... yes
checking for PGRES_SINGLE_TUPLE in libpq-fe.h... yes
checking for PG_DIAG_TABLE_NAME in libpq-fe.h... yes
checking for struct pgNotify.extra in libpq-fe.h... yes
checking for unistd.h... yes
checking for inttypes.h... yes
checking for ruby/st.h... yes
checking for C99 variable length arrays... yes
creating extconf.h
creating Makefile

current directory: /workspace/vendor/bundle/ruby/3.3.0/gems/pg-0.21.0/ext
make DESTDIR\= sitearchdir\=./.gem.20250722-3626-5e75l5 sitelibdir\=./.gem.20250722-3626-5e75l5 clean

current directory: /workspace/vendor/bundle/ruby/3.3.0/gems/pg-0.21.0/ext
make DESTDIR\= sitearchdir\=./.gem.20250722-3626-5e75l5 sitelibdir\=./.gem.20250722-3626-5e75l5
compiling gvl_wrappers.c
compiling pg.c
compiling pg_binary_decoder.c
pg_binary_decoder.c: In function ‘pg_bin_dec_bytea’:
pg_binary_decoder.c:97:15: error: implicit declaration of function ‘rb_tainted_str_new’; did you mean ‘rb_enc_str_new’? [-Wimplicit-function-declaration]
   97 |         ret = rb_tainted_str_new( val, len );
      |               ^~~~~~~~~~~~~~~~~~
      |               rb_enc_str_new
make: *** [Makefile:248: pg_binary_decoder.o] Error 1

make failed, exit code 2
